// Jest Snapshot v1, https://goo.gl/fbAQLP

exports[`<Account /> renders and matches the snapshot 1`] = `
<div
  data-test="account"
>
  <SubTitleStyles>
    <h4
      className="SubTitleStyles-jg7g5q-0 hcEvTN"
    >
      Your Account
    </h4>
  </SubTitleStyles>
  <h2>
    You have 
    3
     order
    s
  </h2>
  <Account__OrdersGrid>
    <ul
      className="Account__OrdersGrid-ugkfyy-0 hkegQH"
    >
      <OrderItemStyles
        key="ord123"
      >
        <li
          className="OrderItemStyles-sc-3mch2k-0 cErlrh"
        >
          <Link
            href={
              Object {
                "pathname": "/order",
                "query": Object {
                  "orderId": "ord123",
                },
              }
            }
          >
            <a
              href="/order?orderId=ord123"
              onClick={[Function]}
            >
              <div
                className="order-meta"
              >
                <p>
                  2
                   
                  Items
                </p>
                <p>
                  2
                   Product
                  s
                </p>
                <p>
                  8 months
                </p>
                <p>
                  $400
                </p>
              </div>
              <div
                className="images"
              >
                <img
                  alt="soluta non omnis consequatur enim quia autem"
                  key="3a430a73-c9e9-4bcc-b46a-41618965ffea"
                  src="reprehenderit.jpg"
                />
                <img
                  alt="quia sed exercitationem omnis laborum exercitationem est"
                  key="2393e090-592f-4d03-b808-c9d81098deec"
                  src="sint.jpg"
                />
              </div>
            </a>
          </Link>
        </li>
      </OrderItemStyles>
      <OrderItemStyles
        key="ord124"
      >
        <li
          className="OrderItemStyles-sc-3mch2k-0 cErlrh"
        >
          <Link
            href={
              Object {
                "pathname": "/order",
                "query": Object {
                  "orderId": "ord124",
                },
              }
            }
          >
            <a
              href="/order?orderId=ord124"
              onClick={[Function]}
            >
              <div
                className="order-meta"
              >
                <p>
                  2
                   
                  Items
                </p>
                <p>
                  2
                   Product
                  s
                </p>
                <p>
                  8 months
                </p>
                <p>
                  $400
                </p>
              </div>
              <div
                className="images"
              >
                <img
                  alt="nihil quam nulla est unde sit ex"
                  key="b4505a74-1f67-4ee1-9558-e56760116bcd"
                  src="dolorem.jpg"
                />
                <img
                  alt="voluptas culpa et vero repellat eveniet assumenda"
                  key="4cef4042-dadc-4ad4-a066-08d01ced82d4"
                  src="et.jpg"
                />
              </div>
            </a>
          </Link>
        </li>
      </OrderItemStyles>
      <OrderItemStyles
        key="ord125"
      >
        <li
          className="OrderItemStyles-sc-3mch2k-0 cErlrh"
        >
          <Link
            href={
              Object {
                "pathname": "/order",
                "query": Object {
                  "orderId": "ord125",
                },
              }
            }
          >
            <a
              href="/order?orderId=ord125"
              onClick={[Function]}
            >
              <div
                className="order-meta"
              >
                <p>
                  2
                   
                  Items
                </p>
                <p>
                  2
                   Product
                  s
                </p>
                <p>
                  8 months
                </p>
                <p>
                  $400
                </p>
              </div>
              <div
                className="images"
              >
                <img
                  alt="odit tempora at modi occaecati illum laborum"
                  key="1bb8c879-db27-4b15-a8f4-b56bc68196e8"
                  src="at.jpg"
                />
                <img
                  alt="possimus sint fugiat maiores autem est esse"
                  key="dfc616ea-0039-4c01-b135-6d81cafa1cf4"
                  src="et.jpg"
                />
              </div>
            </a>
          </Link>
        </li>
      </OrderItemStyles>
    </ul>
  </Account__OrdersGrid>
</div>
`;
