// Jest Snapshot v1, https://goo.gl/fbAQLP

exports[`<Nav /> renders a miminal nav when signed out 1`] = `
<ul
  className="NavStyles-in3u9l-0 fDAMiS"
  data-test="nav"
>
  <Link
    href="/items"
  >
    <a
      href="/items"
      onClick={[Function]}
    >
      Shop
    </a>
  </Link>
  <Link
    href="/signin"
  >
    <a
      href="/signin"
      onClick={[Function]}
    >
      Sign In
    </a>
  </Link>
</ul>
`;

exports[`<Nav /> shows correct count in cart 1`] = `
<div
  className="count CartCount__Dot-d413rz-1 jIXpZJ"
>
  9
</div>
`;
