// Jest Snapshot v1, https://goo.gl/fbAQLP

exports[`<Permissions /> renders and matches the snapshot 1`] = `
<table
  className="Table-ajjtbc-0 fctRqQ"
  data-test="permissions-table"
>
  <thead>
    <tr>
      <th>
        Name
      </th>
      <th>
        Email
      </th>
      <th
        key="0"
      >
        ADMIN
      </th>
      <th
        key="1"
      >
        USER
      </th>
      <th
        key="2"
      >
        ITEMCREATE
      </th>
      <th
        key="3"
      >
        ITEMUPDATE
      </th>
      <th
        key="4"
      >
        ITEMDELETE
      </th>
      <th
        key="5"
      >
        PERMISSIONUPDATE
      </th>
      <th>
        Update
      </th>
    </tr>
  </thead>
  <tbody>
    <UserPermissions
      key="4234"
      possiblePermissions={
        Array [
          "ADMIN",
          "USER",
          "ITEMCREATE",
          "ITEMUPDATE",
          "ITEMDELETE",
          "PERMISSIONUPDATE",
        ]
      }
      user={
        Object {
          "__typename": "User",
          "email": "Delmer.Smith@yahoo.com",
          "id": "4234",
          "name": "Miss Coleman Berge",
          "permissions": Array [
            "ADMIN",
          ],
          Symbol(id): "User:4234",
        }
      }
    >
      <Mutation
        mutation={
          Object {
            "definitions": Array [
              Object {
                "directives": Array [],
                "kind": "OperationDefinition",
                "name": Object {
                  "kind": "Name",
                  "value": "UPDATE_PERMISSIONS_MUTATION",
                },
                "operation": "mutation",
                "selectionSet": Object {
                  "kind": "SelectionSet",
                  "selections": Array [
                    Object {
                      "alias": undefined,
                      "arguments": Array [
                        Object {
                          "kind": "Argument",
                          "name": Object {
                            "kind": "Name",
                            "value": "userId",
                          },
                          "value": Object {
                            "kind": "Variable",
                            "name": Object {
                              "kind": "Name",
                              "value": "userId",
                            },
                          },
                        },
                        Object {
                          "kind": "Argument",
                          "name": Object {
                            "kind": "Name",
                            "value": "permissions",
                          },
                          "value": Object {
                            "kind": "Variable",
                            "name": Object {
                              "kind": "Name",
                              "value": "permissions",
                            },
                          },
                        },
                      ],
                      "directives": Array [],
                      "kind": "Field",
                      "name": Object {
                        "kind": "Name",
                        "value": "updateUserPermissions",
                      },
                      "selectionSet": Object {
                        "kind": "SelectionSet",
                        "selections": Array [
                          Object {
                            "alias": undefined,
                            "arguments": Array [],
                            "directives": Array [],
                            "kind": "Field",
                            "name": Object {
                              "kind": "Name",
                              "value": "id",
                            },
                            "selectionSet": undefined,
                          },
                          Object {
                            "alias": undefined,
                            "arguments": Array [],
                            "directives": Array [],
                            "kind": "Field",
                            "name": Object {
                              "kind": "Name",
                              "value": "name",
                            },
                            "selectionSet": undefined,
                          },
                          Object {
                            "alias": undefined,
                            "arguments": Array [],
                            "directives": Array [],
                            "kind": "Field",
                            "name": Object {
                              "kind": "Name",
                              "value": "email",
                            },
                            "selectionSet": undefined,
                          },
                          Object {
                            "alias": undefined,
                            "arguments": Array [],
                            "directives": Array [],
                            "kind": "Field",
                            "name": Object {
                              "kind": "Name",
                              "value": "permissions",
                            },
                            "selectionSet": undefined,
                          },
                        ],
                      },
                    },
                  ],
                },
                "variableDefinitions": Array [
                  Object {
                    "defaultValue": undefined,
                    "kind": "VariableDefinition",
                    "type": Object {
                      "kind": "NonNullType",
                      "type": Object {
                        "kind": "NamedType",
                        "name": Object {
                          "kind": "Name",
                          "value": "ID",
                        },
                      },
                    },
                    "variable": Object {
                      "kind": "Variable",
                      "name": Object {
                        "kind": "Name",
                        "value": "userId",
                      },
                    },
                  },
                  Object {
                    "defaultValue": undefined,
                    "kind": "VariableDefinition",
                    "type": Object {
                      "kind": "ListType",
                      "type": Object {
                        "kind": "NamedType",
                        "name": Object {
                          "kind": "Name",
                          "value": "Permission",
                        },
                      },
                    },
                    "variable": Object {
                      "kind": "Variable",
                      "name": Object {
                        "kind": "Name",
                        "value": "permissions",
                      },
                    },
                  },
                ],
              },
            ],
            "kind": "Document",
            "loc": Object {
              "end": 215,
              "start": 0,
            },
          }
        }
        variables={
          Object {
            "permissions": Array [
              "ADMIN",
            ],
            "userId": "4234",
          }
        }
      >
        <tr>
          <td>
            Miss Coleman Berge
          </td>
          <td>
            Delmer.Smith@yahoo.com
          </td>
          <td
            key="0"
          >
            <label
              htmlFor="4234-permission-ADMIN"
            >
              <input
                checked={true}
                disabled={false}
                id="4234-permission-ADMIN"
                onChange={[Function]}
                type="checkbox"
                value="ADMIN"
              />
            </label>
          </td>
          <td
            key="1"
          >
            <label
              htmlFor="4234-permission-USER"
            >
              <input
                checked={false}
                disabled={false}
                id="4234-permission-USER"
                onChange={[Function]}
                type="checkbox"
                value="USER"
              />
            </label>
          </td>
          <td
            key="2"
          >
            <label
              htmlFor="4234-permission-ITEMCREATE"
            >
              <input
                checked={false}
                disabled={false}
                id="4234-permission-ITEMCREATE"
                onChange={[Function]}
                type="checkbox"
                value="ITEMCREATE"
              />
            </label>
          </td>
          <td
            key="3"
          >
            <label
              htmlFor="4234-permission-ITEMUPDATE"
            >
              <input
                checked={false}
                disabled={false}
                id="4234-permission-ITEMUPDATE"
                onChange={[Function]}
                type="checkbox"
                value="ITEMUPDATE"
              />
            </label>
          </td>
          <td
            key="4"
          >
            <label
              htmlFor="4234-permission-ITEMDELETE"
            >
              <input
                checked={false}
                disabled={false}
                id="4234-permission-ITEMDELETE"
                onChange={[Function]}
                type="checkbox"
                value="ITEMDELETE"
              />
            </label>
          </td>
          <td
            key="5"
          >
            <label
              htmlFor="4234-permission-PERMISSIONUPDATE"
            >
              <input
                checked={false}
                disabled={false}
                id="4234-permission-PERMISSIONUPDATE"
                onChange={[Function]}
                type="checkbox"
                value="PERMISSIONUPDATE"
              />
            </label>
          </td>
          <td>
            <SickButton
              disabled={false}
              onClick={[Function]}
              type="button"
            >
              <button
                className="SickButton-epeo8a-0 hDvtOo"
                disabled={false}
                onClick={[Function]}
                type="button"
              >
                Updat
                e
              </button>
            </SickButton>
          </td>
        </tr>
      </Mutation>
    </UserPermissions>
    <UserPermissions
      key="5467"
      possiblePermissions={
        Array [
          "ADMIN",
          "USER",
          "ITEMCREATE",
          "ITEMUPDATE",
          "ITEMDELETE",
          "PERMISSIONUPDATE",
        ]
      }
      user={
        Object {
          "__typename": "User",
          "email": "Gilbert.Nicolas@yahoo.com",
          "id": "5467",
          "name": "Ms. Nigel Russel",
          "permissions": Array [
            "USER",
          ],
          Symbol(id): "User:5467",
        }
      }
    >
      <Mutation
        mutation={
          Object {
            "definitions": Array [
              Object {
                "directives": Array [],
                "kind": "OperationDefinition",
                "name": Object {
                  "kind": "Name",
                  "value": "UPDATE_PERMISSIONS_MUTATION",
                },
                "operation": "mutation",
                "selectionSet": Object {
                  "kind": "SelectionSet",
                  "selections": Array [
                    Object {
                      "alias": undefined,
                      "arguments": Array [
                        Object {
                          "kind": "Argument",
                          "name": Object {
                            "kind": "Name",
                            "value": "userId",
                          },
                          "value": Object {
                            "kind": "Variable",
                            "name": Object {
                              "kind": "Name",
                              "value": "userId",
                            },
                          },
                        },
                        Object {
                          "kind": "Argument",
                          "name": Object {
                            "kind": "Name",
                            "value": "permissions",
                          },
                          "value": Object {
                            "kind": "Variable",
                            "name": Object {
                              "kind": "Name",
                              "value": "permissions",
                            },
                          },
                        },
                      ],
                      "directives": Array [],
                      "kind": "Field",
                      "name": Object {
                        "kind": "Name",
                        "value": "updateUserPermissions",
                      },
                      "selectionSet": Object {
                        "kind": "SelectionSet",
                        "selections": Array [
                          Object {
                            "alias": undefined,
                            "arguments": Array [],
                            "directives": Array [],
                            "kind": "Field",
                            "name": Object {
                              "kind": "Name",
                              "value": "id",
                            },
                            "selectionSet": undefined,
                          },
                          Object {
                            "alias": undefined,
                            "arguments": Array [],
                            "directives": Array [],
                            "kind": "Field",
                            "name": Object {
                              "kind": "Name",
                              "value": "name",
                            },
                            "selectionSet": undefined,
                          },
                          Object {
                            "alias": undefined,
                            "arguments": Array [],
                            "directives": Array [],
                            "kind": "Field",
                            "name": Object {
                              "kind": "Name",
                              "value": "email",
                            },
                            "selectionSet": undefined,
                          },
                          Object {
                            "alias": undefined,
                            "arguments": Array [],
                            "directives": Array [],
                            "kind": "Field",
                            "name": Object {
                              "kind": "Name",
                              "value": "permissions",
                            },
                            "selectionSet": undefined,
                          },
                        ],
                      },
                    },
                  ],
                },
                "variableDefinitions": Array [
                  Object {
                    "defaultValue": undefined,
                    "kind": "VariableDefinition",
                    "type": Object {
                      "kind": "NonNullType",
                      "type": Object {
                        "kind": "NamedType",
                        "name": Object {
                          "kind": "Name",
                          "value": "ID",
                        },
                      },
                    },
                    "variable": Object {
                      "kind": "Variable",
                      "name": Object {
                        "kind": "Name",
                        "value": "userId",
                      },
                    },
                  },
                  Object {
                    "defaultValue": undefined,
                    "kind": "VariableDefinition",
                    "type": Object {
                      "kind": "ListType",
                      "type": Object {
                        "kind": "NamedType",
                        "name": Object {
                          "kind": "Name",
                          "value": "Permission",
                        },
                      },
                    },
                    "variable": Object {
                      "kind": "Variable",
                      "name": Object {
                        "kind": "Name",
                        "value": "permissions",
                      },
                    },
                  },
                ],
              },
            ],
            "kind": "Document",
            "loc": Object {
              "end": 215,
              "start": 0,
            },
          }
        }
        variables={
          Object {
            "permissions": Array [
              "USER",
            ],
            "userId": "5467",
          }
        }
      >
        <tr>
          <td>
            Ms. Nigel Russel
          </td>
          <td>
            Gilbert.Nicolas@yahoo.com
          </td>
          <td
            key="0"
          >
            <label
              htmlFor="5467-permission-ADMIN"
            >
              <input
                checked={false}
                disabled={false}
                id="5467-permission-ADMIN"
                onChange={[Function]}
                type="checkbox"
                value="ADMIN"
              />
            </label>
          </td>
          <td
            key="1"
          >
            <label
              htmlFor="5467-permission-USER"
            >
              <input
                checked={true}
                disabled={false}
                id="5467-permission-USER"
                onChange={[Function]}
                type="checkbox"
                value="USER"
              />
            </label>
          </td>
          <td
            key="2"
          >
            <label
              htmlFor="5467-permission-ITEMCREATE"
            >
              <input
                checked={false}
                disabled={false}
                id="5467-permission-ITEMCREATE"
                onChange={[Function]}
                type="checkbox"
                value="ITEMCREATE"
              />
            </label>
          </td>
          <td
            key="3"
          >
            <label
              htmlFor="5467-permission-ITEMUPDATE"
            >
              <input
                checked={false}
                disabled={false}
                id="5467-permission-ITEMUPDATE"
                onChange={[Function]}
                type="checkbox"
                value="ITEMUPDATE"
              />
            </label>
          </td>
          <td
            key="4"
          >
            <label
              htmlFor="5467-permission-ITEMDELETE"
            >
              <input
                checked={false}
                disabled={false}
                id="5467-permission-ITEMDELETE"
                onChange={[Function]}
                type="checkbox"
                value="ITEMDELETE"
              />
            </label>
          </td>
          <td
            key="5"
          >
            <label
              htmlFor="5467-permission-PERMISSIONUPDATE"
            >
              <input
                checked={false}
                disabled={false}
                id="5467-permission-PERMISSIONUPDATE"
                onChange={[Function]}
                type="checkbox"
                value="PERMISSIONUPDATE"
              />
            </label>
          </td>
          <td>
            <SickButton
              disabled={false}
              onClick={[Function]}
              type="button"
            >
              <button
                className="SickButton-epeo8a-0 hDvtOo"
                disabled={false}
                onClick={[Function]}
                type="button"
              >
                Updat
                e
              </button>
            </SickButton>
          </td>
        </tr>
      </Mutation>
    </UserPermissions>
  </tbody>
</table>
`;
