// Jest Snapshot v1, https://goo.gl/fbAQLP

exports[`<RemoveFromCart /> renders and matches snapshot 1`] = `
<button
  className="RemoveFromCart__BigButton-r0391h-0 jmuTzT"
  disabled={false}
  onClick={[Function]}
  title="Remove Item"
>
  Ã—
</button>
`;
