// Jest Snapshot v1, https://goo.gl/fbAQLP

exports[`<Sell /> renders and matches snapshot 1`] = `
<form
  className="Form-sc-14226r0-0 iyeUlE"
  data-test="sell-form"
  method="post"
  onSubmit={[Function]}
>
  <fieldset
    aria-busy={false}
    disabled={false}
  >
    <DisplayError
      error={Object {}}
    />
    <label
      htmlFor="file"
    >
      Image
      <input
        id="file"
        name="file"
        onChange={[Function]}
        placeholder="Add an image"
        required={true}
        type="file"
      />
    </label>
    <label
      htmlFor="title"
    >
      Title
      <input
        id="title"
        name="title"
        onChange={[Function]}
        placeholder="Title"
        required={true}
        type="text"
        value=""
      />
    </label>
    <label
      htmlFor="price"
    >
      Price
      <input
        id="price"
        name="price"
        onChange={[Function]}
        placeholder="Price"
        required={true}
        type="number"
        value={0}
      />
    </label>
    <label
      htmlFor="description"
    >
      Description
      <textarea
        id="description"
        name="description"
        onChange={[Function]}
        placeholder="Enter a description"
        required={true}
        type="text"
        value=""
      />
    </label>
    <button
      type="submit"
    >
      Creat
      e
       Item!
    </button>
  </fieldset>
</form>
`;
