// Jest Snapshot v1, https://goo.gl/fbAQLP

exports[`<SignOut /> renders and matches the snapshot 1`] = `
<button
  data-test="sign-out"
  disabled={false}
  onClick={[Function]}
>
  Sign Out
</button>
`;
